Archive member included to satisfy reference by file (symbol)

c:/gnu tools arm embedded/8 2018-q4-major/bin/../lib/gcc/arm-none-eabi/8.2.1/../../../../arm-none-eabi/lib/thumb/v7e-m/nofp\libg_nano.a(lib_a-errno.o)
                              ./system/src/newlib/_sbrk.o (__errno)
c:/gnu tools arm embedded/8 2018-q4-major/bin/../lib/gcc/arm-none-eabi/8.2.1/../../../../arm-none-eabi/lib/thumb/v7e-m/nofp\libg_nano.a(lib_a-impure.o)
                              c:/gnu tools arm embedded/8 2018-q4-major/bin/../lib/gcc/arm-none-eabi/8.2.1/../../../../arm-none-eabi/lib/thumb/v7e-m/nofp\libg_nano.a(lib_a-errno.o) (_impure_ptr)
c:/gnu tools arm embedded/8 2018-q4-major/bin/../lib/gcc/arm-none-eabi/8.2.1/../../../../arm-none-eabi/lib/thumb/v7e-m/nofp\libg_nano.a(lib_a-strlen.o)
                              ./system/src/diag/Trace.o (strlen)
c:/gnu tools arm embedded/8 2018-q4-major/bin/../lib/gcc/arm-none-eabi/8.2.1/../../../../arm-none-eabi/lib/thumb/v7e-m/nofp\libg_nano.a(lib_a-vsnprintf.o)
                              ./system/src/diag/Trace.o (vsnprintf)
c:/gnu tools arm embedded/8 2018-q4-major/bin/../lib/gcc/arm-none-eabi/8.2.1/../../../../arm-none-eabi/lib/thumb/v7e-m/nofp\libg_nano.a(lib_a-nano-svfprintf.o)
                              c:/gnu tools arm embedded/8 2018-q4-major/bin/../lib/gcc/arm-none-eabi/8.2.1/../../../../arm-none-eabi/lib/thumb/v7e-m/nofp\libg_nano.a(lib_a-vsnprintf.o) (_svfprintf_r)
c:/gnu tools arm embedded/8 2018-q4-major/bin/../lib/gcc/arm-none-eabi/8.2.1/../../../../arm-none-eabi/lib/thumb/v7e-m/nofp\libg_nano.a(lib_a-nano-vfprintf_i.o)
                              c:/gnu tools arm embedded/8 2018-q4-major/bin/../lib/gcc/arm-none-eabi/8.2.1/../../../../arm-none-eabi/lib/thumb/v7e-m/nofp\libg_nano.a(lib_a-nano-svfprintf.o) (_printf_i)
c:/gnu tools arm embedded/8 2018-q4-major/bin/../lib/gcc/arm-none-eabi/8.2.1/../../../../arm-none-eabi/lib/thumb/v7e-m/nofp\libg_nano.a(lib_a-memchr.o)
                              c:/gnu tools arm embedded/8 2018-q4-major/bin/../lib/gcc/arm-none-eabi/8.2.1/../../../../arm-none-eabi/lib/thumb/v7e-m/nofp\libg_nano.a(lib_a-nano-svfprintf.o) (memchr)
c:/gnu tools arm embedded/8 2018-q4-major/bin/../lib/gcc/arm-none-eabi/8.2.1/../../../../arm-none-eabi/lib/thumb/v7e-m/nofp\libg_nano.a(lib_a-memcpy-stub.o)
                              c:/gnu tools arm embedded/8 2018-q4-major/bin/../lib/gcc/arm-none-eabi/8.2.1/../../../../arm-none-eabi/lib/thumb/v7e-m/nofp\libg_nano.a(lib_a-nano-svfprintf.o) (memcpy)
c:/gnu tools arm embedded/8 2018-q4-major/bin/../lib/gcc/arm-none-eabi/8.2.1/../../../../arm-none-eabi/lib/thumb/v7e-m/nofp\libg_nano.a(lib_a-memmove.o)
                              c:/gnu tools arm embedded/8 2018-q4-major/bin/../lib/gcc/arm-none-eabi/8.2.1/../../../../arm-none-eabi/lib/thumb/v7e-m/nofp\libg_nano.a(lib_a-nano-svfprintf.o) (memmove)
c:/gnu tools arm embedded/8 2018-q4-major/bin/../lib/gcc/arm-none-eabi/8.2.1/../../../../arm-none-eabi/lib/thumb/v7e-m/nofp\libg_nano.a(lib_a-nano-freer.o)
                              c:/gnu tools arm embedded/8 2018-q4-major/bin/../lib/gcc/arm-none-eabi/8.2.1/../../../../arm-none-eabi/lib/thumb/v7e-m/nofp\libg_nano.a(lib_a-nano-svfprintf.o) (_free_r)
c:/gnu tools arm embedded/8 2018-q4-major/bin/../lib/gcc/arm-none-eabi/8.2.1/../../../../arm-none-eabi/lib/thumb/v7e-m/nofp\libg_nano.a(lib_a-nano-mallocr.o)
                              c:/gnu tools arm embedded/8 2018-q4-major/bin/../lib/gcc/arm-none-eabi/8.2.1/../../../../arm-none-eabi/lib/thumb/v7e-m/nofp\libg_nano.a(lib_a-nano-svfprintf.o) (_malloc_r)
c:/gnu tools arm embedded/8 2018-q4-major/bin/../lib/gcc/arm-none-eabi/8.2.1/../../../../arm-none-eabi/lib/thumb/v7e-m/nofp\libg_nano.a(lib_a-nano-reallocr.o)
                              c:/gnu tools arm embedded/8 2018-q4-major/bin/../lib/gcc/arm-none-eabi/8.2.1/../../../../arm-none-eabi/lib/thumb/v7e-m/nofp\libg_nano.a(lib_a-nano-svfprintf.o) (_realloc_r)
c:/gnu tools arm embedded/8 2018-q4-major/bin/../lib/gcc/arm-none-eabi/8.2.1/../../../../arm-none-eabi/lib/thumb/v7e-m/nofp\libg_nano.a(lib_a-sbrkr.o)
                              c:/gnu tools arm embedded/8 2018-q4-major/bin/../lib/gcc/arm-none-eabi/8.2.1/../../../../arm-none-eabi/lib/thumb/v7e-m/nofp\libg_nano.a(lib_a-nano-mallocr.o) (_sbrk_r)
c:/gnu tools arm embedded/8 2018-q4-major/bin/../lib/gcc/arm-none-eabi/8.2.1/../../../../arm-none-eabi/lib/thumb/v7e-m/nofp\libg_nano.a(lib_a-mlock.o)
                              c:/gnu tools arm embedded/8 2018-q4-major/bin/../lib/gcc/arm-none-eabi/8.2.1/../../../../arm-none-eabi/lib/thumb/v7e-m/nofp\libg_nano.a(lib_a-nano-freer.o) (__malloc_lock)
c:/gnu tools arm embedded/8 2018-q4-major/bin/../lib/gcc/arm-none-eabi/8.2.1/../../../../arm-none-eabi/lib/thumb/v7e-m/nofp\libg_nano.a(lib_a-nano-msizer.o)
[...]
Memory Configuration

Name             Origin             Length             Attributes
RAM              0x20000000         0x0000a000         xrw
CCMRAM           0x10000000         0x00002000         xrw
FLASH            0x08000000         0x00040000         xr
FLASHB1          0x00000000         0x00000000         xr
EXTMEMB0         0x00000000         0x00000000         xr
EXTMEMB1         0x00000000         0x00000000         xr
EXTMEMB2         0x00000000         0x00000000         xr
EXTMEMB3         0x00000000         0x00000000         xr
MEMORY_ARRAY     0x20002000         0x00000000         xrw
*default*        0x00000000         0xffffffff

Linker script and memory map

LOAD ./system/src/stm32f3-stdperiph/stm32f30x_gpio.o
LOAD ./system/src/stm32f3-stdperiph/stm32f30x_rcc.o
LOAD ./system/src/newlib/_cxx.o
LOAD ./system/src/newlib/_exit.o
LOAD ./system/src/newlib/_sbrk.o
LOAD ./system/src/newlib/_startup.o
LOAD ./system/src/newlib/_syscalls.o
LOAD ./system/src/newlib/assert.o
LOAD ./system/src/diag/Trace.o
LOAD ./system/src/diag/trace_impl.o
LOAD ./system/src/cortexm/_initialize_hardware.o
LOAD ./system/src/cortexm/_reset_hardware.o
LOAD ./system/src/cortexm/exception_handlers.o
LOAD ./system/src/cmsis/system_stm32f30x.o
LOAD ./system/src/cmsis/vectors_stm32f30x.o
LOAD ./src/BlinkLed.o
LOAD ./src/Timer.o
LOAD ./src/_write.o
LOAD ./src/main.o
LOAD c:/gnu tools arm embedded/8 2018-q4-major/bin/../lib/gcc/arm-none-eabi/8.2.1/../../../../arm-none-eabi/lib/thumb/v7e-m/nofp\libstdc++_nano.a
LOAD c:/gnu tools arm embedded/8 2018-q4-major/bin/../lib/gcc/arm-none-eabi/8.2.1/../../../../arm-none-eabi/lib/thumb/v7e-m/nofp\libm.a
START GROUP
LOAD c:/gnu tools arm embedded/8 2018-q4-major/bin/../lib/gcc/arm-none-eabi/8.2.1/thumb/v7e-m/nofp\libgcc.a
LOAD c:/gnu tools arm embedded/8 2018-q4-major/bin/../lib/gcc/arm-none-eabi/8.2.1/../../../../arm-none-eabi/lib/thumb/v7e-m/nofp\libg_nano.a
LOAD c:/gnu tools arm embedded/8 2018-q4-major/bin/../lib/gcc/arm-none-eabi/8.2.1/../../../../arm-none-eabi/lib/thumb/v7e-m/nofp\libc_nano.a
END GROUP
START GROUP
LOAD c:/gnu tools arm embedded/8 2018-q4-major/bin/../lib/gcc/arm-none-eabi/8.2.1/thumb/v7e-m/nofp\libgcc.a
LOAD c:/gnu tools arm embedded/8 2018-q4-major/bin/../lib/gcc/arm-none-eabi/8.2.1/../../../../arm-none-eabi/lib/thumb/v7e-m/nofp\libc_nano.a
END GROUP
                0x2000a000                __stack = (ORIGIN (RAM) + LENGTH (RAM))
                0x2000a000                _estack = __stack
                0x00000400                __Main_Stack_Size = 0x400
                [!provide]                PROVIDE (_Main_Stack_Size = __Main_Stack_Size)
                0x20009c00                __Main_Stack_Limit = (__stack - __Main_Stack_Size)
                [!provide]                PROVIDE (_Main_Stack_Limit = __Main_Stack_Limit)
                0x00000100                _Minimum_Stack_Size = 0x100
                0x20000134                PROVIDE (_Heap_Begin = _end_noinit)
                0x20009c00                PROVIDE (_Heap_Limit = (__stack - __Main_Stack_Size))

.isr_vector     0x08000000      0x3e8
 FILL mask 0xff
                0x08000000                __vectors_start = ABSOLUTE (.)
                0x08000000                __vectors_start__ = ABSOLUTE (.)
 *(.isr_vector)
 .isr_vector    0x08000000      0x188 ./system/src/cmsis/vectors_stm32f30x.o
                0x08000000                __isr_vectors
 *(.cfmconfig)
 *(.after_vectors .after_vectors.*)
 .after_vectors
                0x08000188      0x130 ./system/src/newlib/_startup.o
                0x08000188                _start
 .after_vectors
                0x080002b8      0x12c ./system/src/cortexm/exception_handlers.o
                0x080002b8                Reset_Handler
                0x080002be                NMI_Handler
                0x080002c2                HardFault_Handler
                0x080002d6                HardFault_Handler_C
                0x08000334                MemManage_Handler
                0x08000338                BusFault_Handler
                0x0800034c                BusFault_Handler_C
                0x08000380                UsageFault_Handler
                0x08000394                UsageFault_Handler_C
                0x080003c8                SVC_Handler
                0x080003cc                DebugMon_Handler
                0x080003d0                PendSV_Handler
 .after_vectors
                0x080003e4        0x4 ./system/src/cmsis/vectors_stm32f30x.o
                0x080003e4                RTC_Alarm_IRQHandler
                0x080003e4                TIM8_TRG_COM_IRQHandler
                0x080003e4                TIM8_CC_IRQHandler
                0x080003e4                TIM1_CC_IRQHandler
                0x080003e4                USB_HP_IRQHandler
                0x080003e4                PVD_IRQHandler
                0x080003e4                EXTI3_IRQHandler
                0x080003e4                EXTI0_IRQHandler
                0x080003e4                I2C2_EV_IRQHandler
                0x080003e4                FPU_IRQHandler
                0x080003e4                EXTI2_TS_IRQHandler
                0x080003e4                TIM1_UP_TIM16_IRQHandler
                0x080003e4                ADC1_2_IRQHandler
                0x080003e4                SPI1_IRQHandler
                0x080003e4                TIM6_DAC_IRQHandler
                0x080003e4                TIM8_UP_IRQHandler
                0x080003e4                DMA2_Channel2_IRQHandler
                0x080003e4                DMA1_Channel4_IRQHandler
                0x080003e4                USART3_IRQHandler
                0x080003e4                DMA1_Channel7_IRQHandler
                0x080003e4                CAN1_RX1_IRQHandler
                0x080003e4                UART5_IRQHandler
                0x080003e4                ADC3_IRQHandler
                0x080003e4                TIM4_IRQHandler
                0x080003e4                DMA2_Channel1_IRQHandler
                0x080003e4                I2C1_EV_IRQHandler
                0x080003e4                DMA1_Channel6_IRQHandler
                0x080003e4                UART4_IRQHandler
                0x080003e4                DMA2_Channel4_IRQHandler
                0x080003e4                TIM3_IRQHandler
                0x080003e4                RCC_IRQHandler
                0x080003e4                DMA1_Channel1_IRQHandler
                0x080003e4                Default_Handler
                0x080003e4                USBWakeUp_RMP_IRQHandler
                0x080003e4                EXTI15_10_IRQHandler
                0x080003e4                TIM7_IRQHandler
                0x080003e4                EXTI9_5_IRQHandler
                0x080003e4                TAMPER_STAMP_IRQHandler
                0x080003e4                RTC_WKUP_IRQHandler
                0x080003e4                SPI2_IRQHandler
                0x080003e4                DMA2_Channel5_IRQHandler
                0x080003e4                DMA1_Channel5_IRQHandler
                0x080003e4                USB_LP_IRQHandler
                0x080003e4                EXTI4_IRQHandler
                0x080003e4                USB_LP_CAN1_RX0_IRQHandler
                0x080003e4                TIM1_TRG_COM_TIM17_IRQHandler
                0x080003e4                USB_HP_CAN1_TX_IRQHandler
                0x080003e4                DMA1_Channel3_IRQHandler
                0x080003e4                ADC4_IRQHandler
                0x080003e4                WWDG_IRQHandler
                0x080003e4                TIM2_IRQHandler
                0x080003e4                COMP7_IRQHandler
                0x080003e4                COMP1_2_3_IRQHandler
                0x080003e4                EXTI1_IRQHandler
                0x080003e4                USART2_IRQHandler
                0x080003e4                COMP4_5_6_IRQHandler
                0x080003e4                I2C2_ER_IRQHandler
                0x080003e4                DMA1_Channel2_IRQHandler
                0x080003e4                TIM8_BRK_IRQHandler
                0x080003e4                CAN1_SCE_IRQHandler
                0x080003e4                FLASH_IRQHandler
                0x080003e4                USART1_IRQHandler
                0x080003e4                SPI3_IRQHandler
                0x080003e4                I2C1_ER_IRQHandler
                0x080003e4                USBWakeUp_IRQHandler
                0x080003e4                DMA2_Channel3_IRQHandler
                0x080003e4                TIM1_BRK_TIM15_IRQHandler

.inits          0x080003e8       0x28
                0x080003e8                __data_regions_array_start = .
                0x080003e8        0x4 LONG 0x80016c0 LOADADDR (.data)
                0x080003ec        0x4 LONG 0x20000000 ADDR (.data)
                0x080003f0        0x4 LONG 0x20000088 (ADDR (.data) + SIZEOF (.data))
                0x080003f4        0x4 LONG 0x80016c0 LOADADDR (.data_CCMRAM)
                0x080003f8        0x4 LONG 0x10000000 ADDR (.data_CCMRAM)
                0x080003fc        0x4 LONG 0x10000000 (ADDR (.data_CCMRAM) + SIZEOF (.data_CCMRAM))
                0x08000400                __data_regions_array_end = .
                0x08000400                __bss_regions_array_start = .
                0x08000400        0x4 LONG 0x20000088 ADDR (.bss)
                0x08000404        0x4 LONG 0x20000134 (ADDR (.bss) + SIZEOF (.bss))
                0x08000408        0x4 LONG 0x10000000 ADDR (.bss_CCMRAM)
                0x0800040c        0x4 LONG 0x10000000 (ADDR (.bss_CCMRAM) + SIZEOF (.bss_CCMRAM))
                0x08000410                __bss_regions_array_end = .
 *(.init)
 *(.fini)
                0x08000410                . = ALIGN (0x4)
                0x08000410                PROVIDE (__preinit_array_start = .)
 *(.preinit_array_sysinit .preinit_array_sysinit.*)
 *(.preinit_array_platform .preinit_array_platform.*)
 *(.preinit_array .preinit_array.*)
                0x08000410                PROVIDE (__preinit_array_end = .)
                0x08000410                . = ALIGN (0x4)
                0x08000410                PROVIDE (__init_array_start = .)
 *(SORT_BY_NAME(.init_array.*))
 *(.init_array)
                0x08000410                PROVIDE (__init_array_end = .)
                0x08000410                . = ALIGN (0x4)
                0x08000410                PROVIDE (__fini_array_start = .)
 *(SORT_BY_NAME(.fini_array.*))
 *(.fini_array)
                0x08000410                PROVIDE (__fini_array_end = .)

.flashtext
 *(.flashtext .flashtext.*)

.text           0x08000410     0x12af
 *(.text .text.*)
 .text.GPIO_Init
                0x08000410      0x118 ./system/src/stm32f3-stdperiph/stm32f30x_gpio.o
                0x08000410                GPIO_Init
 .text.GPIO_SetBits
                0x08000528       0x58 ./system/src/stm32f3-stdperiph/stm32f30x_gpio.o
                0x08000528                GPIO_SetBits
 .text.GPIO_ResetBits
                0x08000580       0x58 ./system/src/stm32f3-stdperiph/stm32f30x_gpio.o
                0x08000580                GPIO_ResetBits
 .text.RCC_AHBPeriphClockCmd
                0x080005d8       0x4c ./system/src/stm32f3-stdperiph/stm32f30x_rcc.o
                0x080005d8                RCC_AHBPeriphClockCmd
 .text._exit    0x08000624        0x2 ./system/src/newlib/_exit.o
                0x08000624                _exit
 *fill*         0x08000626        0x2 
 .text.abort    0x08000628       0x14 ./system/src/newlib/_exit.o
                0x08000628                abort
 .text._sbrk    0x0800063c       0x44 ./system/src/newlib/_sbrk.o
                0x0800063c                _sbrk
 .text.__initialize_args
                0x08000680       0x10 ./system/src/newlib/_syscalls.o
                0x08000680                __initialize_args
 .text.assert_failed
                0x08000690       0x14 ./system/src/newlib/assert.o
                0x08000690                assert_failed
 .text.trace_printf
                0x080006a4       0x34 ./system/src/diag/Trace.o
                0x080006a4                trace_printf
 .text.trace_puts
                0x080006d8       0x20 ./system/src/diag/Trace.o
                0x080006d8                trace_puts
 .text._trace_write_semihosting_debug
                0x080006f8       0x60 ./system/src/diag/trace_impl.o
 .text.trace_write
                0x08000758        0x8 ./system/src/diag/trace_impl.o
                0x08000758                trace_write
 .text.__initialize_hardware_early
                0x08000760       0x18 ./system/src/cortexm/_initialize_hardware.o
                0x08000760                __initialize_hardware_early
 .text.__initialize_hardware
                0x08000778        0x8 ./system/src/cortexm/_initialize_hardware.o
                0x08000778                __initialize_hardware
 .text.dumpExceptionStack
                0x08000780       0xf4 ./system/src/cortexm/exception_handlers.o
                0x08000780                dumpExceptionStack
 .text.isSemihosting
                0x08000874       0x20 ./system/src/cortexm/exception_handlers.o
                0x08000874                isSemihosting
 .text.SetSysClock
                0x08000894       0xb0 ./system/src/cmsis/system_stm32f30x.o
 .text.SystemInit
                0x08000944       0x64 ./system/src/cmsis/system_stm32f30x.o
                0x08000944                SystemInit
 .text.SystemCoreClockUpdate
                0x080009a8       0x8c ./system/src/cmsis/system_stm32f30x.o
                0x080009a8                SystemCoreClockUpdate
 .text._ZN8BlinkLed7powerUpEv
                0x08000a34       0x44 ./src/BlinkLed.o
                0x08000a34                BlinkLed::powerUp()
 .text._ZN5Timer5sleepEm
                0x08000a78       0x14 ./src/Timer.o
                0x08000a78                Timer::sleep(unsigned long)
 .text.SysTick_Handler
                0x08000a8c       0x14 ./src/Timer.o
                0x08000a8c                SysTick_Handler
 .text.main     0x08000aa0       0x9c ./src/main.o
                0x08000aa0                main
 .text.__errno  0x08000b3c        0xc c:/gnu tools arm embedded/8 2018-q4-major/bin/../lib/gcc/arm-none-eabi/8.2.1/../../../../arm-none-eabi/lib/thumb/v7e-m/nofp\libg_nano.a(lib_a-errno.o)
                0x08000b3c                __errno
 .text          0x08000b48       0x10 c:/gnu tools arm embedded/8 2018-q4-major/bin/../lib/gcc/arm-none-eabi/8.2.1/../../../../arm-none-eabi/lib/thumb/v7e-m/nofp\libg_nano.a(lib_a-strlen.o)
                0x08000b48                strlen
 .text._vsnprintf_r
                0x08000b58       0x58 c:/gnu tools arm embedded/8 2018-q4-major/bin/../lib/gcc/arm-none-eabi/8.2.1/../../../../arm-none-eabi/lib/thumb/v7e-m/nofp\libg_nano.a(lib_a-vsnprintf.o)
                0x08000b58                _vsniprintf_r
                0x08000b58                _vsnprintf_r
 .text.vsnprintf
                0x08000bb0       0x1c c:/gnu tools arm embedded/8 2018-q4-major/bin/../lib/gcc/arm-none-eabi/8.2.1/../../../../arm-none-eabi/lib/thumb/v7e-m/nofp\libg_nano.a(lib_a-vsnprintf.o)
                0x08000bb0                vsniprintf
                0x08000bb0                vsnprintf
 .text.__ssputs_r
                0x08000bcc       0xb6 c:/gnu tools arm embedded/8 2018-q4-major/bin/../lib/gcc/arm-none-eabi/8.2.1/../../../../arm-none-eabi/lib/thumb/v7e-m/nofp\libg_nano.a(lib_a-nano-svfprintf.o)
                0x08000bcc                __ssputs_r
 *fill*         0x08000c82        0x2 
 .text._svfprintf_r
                0x08000c84      0x1f0 c:/gnu tools arm embedded/8 2018-q4-major/bin/../lib/gcc/arm-none-eabi/8.2.1/../../../../arm-none-eabi/lib/thumb/v7e-m/nofp\libg_nano.a(lib_a-nano-svfprintf.o)
                0x08000c84                _svfiprintf_r
                0x08000c84                _svfprintf_r
 .text._printf_common
                0x08000e74       0xea c:/gnu tools arm embedded/8 2018-q4-major/bin/../lib/gcc/arm-none-eabi/8.2.1/../../../../arm-none-eabi/lib/thumb/v7e-m/nofp\libg_nano.a(lib_a-nano-vfprintf_i.o)
                0x08000e74                _printf_common
 *fill*         0x08000f5e        0x2 
 .text._printf_i
                0x08000f60      0x228 c:/gnu tools arm embedded/8 2018-q4-major/bin/../lib/gcc/arm-none-eabi/8.2.1/../../../../arm-none-eabi/lib/thumb/v7e-m/nofp\libg_nano.a(lib_a-nano-vfprintf_i.o)
                0x08000f60                _printf_i
 *fill*         0x08001188        0x8 
 .text          0x08001190       0xa0 c:/gnu tools arm embedded/8 2018-q4-major/bin/../lib/gcc/arm-none-eabi/8.2.1/../../../../arm-none-eabi/lib/thumb/v7e-m/nofp\libg_nano.a(lib_a-memchr.o)
                0x08001190                memchr
 .text.memcpy   0x08001230       0x1c c:/gnu tools arm embedded/8 2018-q4-major/bin/../lib/gcc/arm-none-eabi/8.2.1/../../../../arm-none-eabi/lib/thumb/v7e-m/nofp\libg_nano.a(lib_a-memcpy-stub.o)
                0x08001230                memcpy
 .text.memmove  0x0800124c       0x34 c:/gnu tools arm embedded/8 2018-q4-major/bin/../lib/gcc/arm-none-eabi/8.2.1/../../../../arm-none-eabi/lib/thumb/v7e-m/nofp\libg_nano.a(lib_a-memmove.o)
                0x0800124c                memmove
 .text._free_r  0x08001280       0x9c c:/gnu tools arm embedded/8 2018-q4-major/bin/../lib/gcc/arm-none-eabi/8.2.1/../../../../arm-none-eabi/lib/thumb/v7e-m/nofp\libg_nano.a(lib_a-nano-freer.o)
                0x08001280                _free_r
 .text._malloc_r
                0x0800131c       0xb4 c:/gnu tools arm embedded/8 2018-q4-major/bin/../lib/gcc/arm-none-eabi/8.2.1/../../../../arm-none-eabi/lib/thumb/v7e-m/nofp\libg_nano.a(lib_a-nano-mallocr.o)
                0x0800131c                _malloc_r
 .text._realloc_r
                0x080013d0       0x4c c:/gnu tools arm embedded/8 2018-q4-major/bin/../lib/gcc/arm-none-eabi/8.2.1/../../../../arm-none-eabi/lib/thumb/v7e-m/nofp\libg_nano.a(lib_a-nano-reallocr.o)
                0x080013d0                _realloc_r
 .text._sbrk_r  0x0800141c       0x20 c:/gnu tools arm embedded/8 2018-q4-major/bin/../lib/gcc/arm-none-eabi/8.2.1/../../../../arm-none-eabi/lib/thumb/v7e-m/nofp\libg_nano.a(lib_a-sbrkr.o)
                0x0800141c                _sbrk_r
 .text.__malloc_lock
                0x0800143c        0xc c:/gnu tools arm embedded/8 2018-q4-major/bin/../lib/gcc/arm-none-eabi/8.2.1/../../../../arm-none-eabi/lib/thumb/v7e-m/nofp\libg_nano.a(lib_a-mlock.o)
                0x0800143c                __malloc_lock
 .text.__malloc_unlock
                0x08001448        0xc c:/gnu tools arm embedded/8 2018-q4-major/bin/../lib/gcc/arm-none-eabi/8.2.1/../../../../arm-none-eabi/lib/thumb/v7e-m/nofp\libg_nano.a(lib_a-mlock.o)
                0x08001448                __malloc_unlock
 .text._malloc_usable_size_r
                0x08001454       0x10 c:/gnu tools arm embedded/8 2018-q4-major/bin/../lib/gcc/arm-none-eabi/8.2.1/../../../../arm-none-eabi/lib/thumb/v7e-m/nofp\libg_nano.a(lib_a-nano-msizer.o)
                0x08001454                _malloc_usable_size_r
 .text.__retarget_lock_acquire_recursive
                0x08001464        0x2 c:/gnu tools arm embedded/8 2018-q4-major/bin/../lib/gcc/arm-none-eabi/8.2.1/../../../../arm-none-eabi/lib/thumb/v7e-m/nofp\libg_nano.a(lib_a-lock.o)
                0x08001464                __retarget_lock_acquire_recursive
 .text.__retarget_lock_release_recursive
                0x08001466        0x2 c:/gnu tools arm embedded/8 2018-q4-major/bin/../lib/gcc/arm-none-eabi/8.2.1/../../../../arm-none-eabi/lib/thumb/v7e-m/nofp\libg_nano.a(lib_a-lock.o)
                0x08001466                __retarget_lock_release_recursive
 *(.rodata .rodata.* .constdata .constdata.*)
 .rodata.GPIO_DeInit.str1.4
                0x08001468       0x31 ./system/src/stm32f3-stdperiph/stm32f30x_gpio.o
 *fill*         0x08001499        0x3 
 .rodata.RCC_HSEConfig.str1.4
                0x0800149c       0x30 ./system/src/stm32f3-stdperiph/stm32f30x_rcc.o
 .rodata.abort.str1.4
                0x080014cc       0x14 ./system/src/newlib/_exit.o
 .rodata.assert_failed.str1.4
                0x080014e0       0x2b ./system/src/newlib/assert.o
 .rodata.trace_puts.str1.4
                0x0800150b       0x2b ./system/src/diag/Trace.o
                                  0x2 (size before relaxing)
 *fill*         0x0800150b        0x1 
 .rodata.dumpExceptionStack.str1.4
                0x0800150c      0x11a ./system/src/cortexm/exception_handlers.o
 *fill*         0x08001626        0x2 
 .rodata.str1.4
                0x08001628       0x2a ./system/src/cortexm/exception_handlers.o
 *fill*         0x08001652        0x2 
 .rodata.main.str1.4
                0x08001654       0x38 ./src/main.o
                                 0x37 (size before relaxing)
 .rodata._svfprintf_r.str1.1
                0x0800168c       0x11 c:/gnu tools arm embedded/8 2018-q4-major/bin/../lib/gcc/arm-none-eabi/8.2.1/../../../../arm-none-eabi/lib/thumb/v7e-m/nofp\libg_nano.a(lib_a-nano-svfprintf.o)
 .rodata._printf_i.str1.1
                0x0800169d       0x22 c:/gnu tools arm embedded/8 2018-q4-major/bin/../lib/gcc/arm-none-eabi/8.2.1/../../../../arm-none-eabi/lib/thumb/v7e-m/nofp\libg_nano.a(lib_a-nano-vfprintf_i.o)
 *(vtable)
 *(.eh_frame*)
 *(.glue_7)
 .glue_7        0x080016bf        0x0 linker stubs
 *(.glue_7t)
 .glue_7t       0x080016bf        0x0 linker stubs

.vfp11_veneer   0x080016c0        0x0
 .vfp11_veneer  0x080016c0        0x0 linker stubs

.v4_bx          0x080016c0        0x0
 .v4_bx         0x080016c0        0x0 linker stubs

.iplt           0x080016c0        0x0
 .iplt          0x080016c0        0x0 ./system/src/stm32f3-stdperiph/stm32f30x_gpio.o

.rel.dyn        0x080016c0        0x0
 .rel.iplt      0x080016c0        0x0 ./system/src/stm32f3-stdperiph/stm32f30x_gpio.o

.ARM.extab
 *(.ARM.extab* .gnu.linkonce.armextab.*)
                0x080016c0                . = ALIGN (0x4)
                0x080016c0                __exidx_start = .

.ARM.exidx
 *(.ARM.exidx* .gnu.linkonce.armexidx.*)
                0x080016c0                __exidx_end = .
                0x080016c0                . = ALIGN (0x4)
                0x080016c0                _etext = .
                0x080016c0                __etext = .

.data_CCMRAM    0x10000000        0x0 load address 0x080016c0
 FILL mask 0xff
 *(.data.CCMRAM .data.CCMRAM.*)
                0x10000000                . = ALIGN (0x4)
                0x080016c0                _sidata = LOADADDR (.data)

.data           0x20000000       0x88 load address 0x080016c0
 FILL mask 0xff
                0x20000000                _sdata = .
                0x20000000                __data_start__ = .
 *(.data_begin .data_begin.*)
 .data_begin    0x20000000        0x4 ./system/src/newlib/_startup.o
 *(.data .data.*)
 .data.argv.4374
                0x20000004        0x8 ./system/src/newlib/_syscalls.o
 .data.AHBPrescTable
                0x2000000c       0x10 ./system/src/cmsis/system_stm32f30x.o
                0x2000000c                AHBPrescTable
 .data.SystemCoreClock
                0x2000001c        0x4 ./system/src/cmsis/system_stm32f30x.o
                0x2000001c                SystemCoreClock
 .data._impure_ptr
                0x20000020        0x4 c:/gnu tools arm embedded/8 2018-q4-major/bin/../lib/gcc/arm-none-eabi/8.2.1/../../../../arm-none-eabi/lib/thumb/v7e-m/nofp\libg_nano.a(lib_a-impure.o)
                0x20000020                _impure_ptr
 .data.impure_data
                0x20000024       0x60 c:/gnu tools arm embedded/8 2018-q4-major/bin/../lib/gcc/arm-none-eabi/8.2.1/../../../../arm-none-eabi/lib/thumb/v7e-m/nofp\libg_nano.a(lib_a-impure.o)
 *(.data_end .data_end.*)
 .data_end      0x20000084        0x4 ./system/src/newlib/_startup.o
                0x20000088                . = ALIGN (0x4)
                0x20000088                _edata = .
                0x20000088                __data_end__ = .

.igot.plt       0x20000088        0x0 load address 0x08001748
 .igot.plt      0x20000088        0x0 ./system/src/stm32f3-stdperiph/stm32f30x_gpio.o

.bss_CCMRAM     0x10000000        0x0
 *(.bss.CCMRAM .bss.CCMRAM.*)

.bss            0x20000088       0xac
                0x20000088                __bss_start__ = .
                0x20000088                _sbss = .
 *(.bss_begin .bss_begin.*)
 .bss_begin     0x20000088        0x4 ./system/src/newlib/_startup.o
 *(.bss .bss.*)
 .bss.current_heap_end.4004
                0x2000008c        0x4 ./system/src/newlib/_sbrk.o
 .bss.name.4373
                0x20000090        0x1 ./system/src/newlib/_syscalls.o
 *fill*         0x20000091        0x3 
 .bss.buf.5248  0x20000094       0x80 ./system/src/diag/Trace.o
 .bss._ZN5Timer13ms_delayCountE
                0x20000114        0x4 ./src/Timer.o
                0x20000114                Timer::ms_delayCount
 .bss.__malloc_free_list
                0x20000118        0x4 c:/gnu tools arm embedded/8 2018-q4-major/bin/../lib/gcc/arm-none-eabi/8.2.1/../../../../arm-none-eabi/lib/thumb/v7e-m/nofp\libg_nano.a(lib_a-nano-mallocr.o)
                0x20000118                __malloc_free_list
 .bss.__malloc_sbrk_start
                0x2000011c        0x4 c:/gnu tools arm embedded/8 2018-q4-major/bin/../lib/gcc/arm-none-eabi/8.2.1/../../../../arm-none-eabi/lib/thumb/v7e-m/nofp\libg_nano.a(lib_a-nano-mallocr.o)
                0x2000011c                __malloc_sbrk_start
 *(COMMON)
 COMMON         0x20000120        0x4 ./system/src/newlib/_syscalls.o
                0x20000120                errno
 COMMON         0x20000124        0x9 c:/gnu tools arm embedded/8 2018-q4-major/bin/../lib/gcc/arm-none-eabi/8.2.1/../../../../arm-none-eabi/lib/thumb/v7e-m/nofp\libg_nano.a(lib_a-lock.o)
                0x20000124                __lock___atexit_recursive_mutex
                0x20000125                __lock___arc4random_mutex
                0x20000126                __lock___env_recursive_mutex
                0x20000127                __lock___sinit_recursive_mutex
                0x20000128                __lock___malloc_recursive_mutex
                0x20000129                __lock___at_quick_exit_mutex
                0x2000012a                __lock___dd_hash_mutex
                0x2000012b                __lock___tz_mutex
                0x2000012c                __lock___sfp_recursive_mutex
 *(.bss_end .bss_end.*)
 *fill*         0x2000012d        0x3 
 .bss_end       0x20000130        0x4 ./system/src/newlib/_startup.o
                0x20000134                . = ALIGN (0x4)
                0x20000134                __bss_end__ = .
                0x20000134                _ebss = .

.noinit_CCMRAM
 *(.noinit.CCMRAM .noinit.CCMRAM.*)

.noinit         0x20000134        0x0
                0x20000134                _noinit = .
 *(.noinit .noinit.*)
                0x20000134                . = ALIGN (0x4)
                0x20000134                _end_noinit = .
                [!provide]                PROVIDE (end = _end_noinit)
                [!provide]                PROVIDE (_end = _end_noinit)
                [!provide]                PROVIDE (__end = _end_noinit)
                [!provide]                PROVIDE (__end__ = _end_noinit)

._check_stack   0x20000134      0x100
                0x20000234                . = (. + _Minimum_Stack_Size)
 *fill*         0x20000134      0x100 

.b1text
 *(.b1text)
 *(.b1rodata)
 *(.b1rodata.*)

.eb0text
 *(.eb0text)
 *(.eb0rodata)
 *(.eb0rodata.*)

.eb1text
 *(.eb1text)
 *(.eb1rodata)
 *(.eb1rodata.*)

.eb2text
 *(.eb2text)
 *(.eb2rodata)
 *(.eb2rodata.*)

.eb3text
 *(.eb3text)
 *(.eb3rodata)
 *(.eb3rodata.*)

.stab
 *(.stab)

.stabstr
 *(.stabstr)

.stab.excl
 *(.stab.excl)

.stab.exclstr
 *(.stab.exclstr)

.stab.index
 *(.stab.index)

.stab.indexstr
 *(.stab.indexstr)

.comment        0x00000000       0x75
 *(.comment)
 .comment       0x00000000       0x75 ./system/src/stm32f3-stdperiph/stm32f30x_gpio.o
                                 0x76 (size before relaxing)
 .comment       0x00000075       0x76 ./system/src/stm32f3-stdperiph/stm32f30x_rcc.o
 .comment       0x00000075       0x76 ./system/src/newlib/_exit.o
 .comment       0x00000075       0x76 ./system/src/newlib/_sbrk.o
 .comment       0x00000075       0x76 ./system/src/newlib/_startup.o
 .comment       0x00000075       0x76 ./system/src/newlib/_syscalls.o
 .comment       0x00000075       0x76 ./system/src/newlib/assert.o
 .comment       0x00000075       0x76 ./system/src/diag/Trace.o
 .comment       0x00000075       0x76 ./system/src/diag/trace_impl.o
 .comment       0x00000075       0x76 ./system/src/cortexm/_initialize_hardware.o
 .comment       0x00000075       0x76 ./system/src/cortexm/exception_handlers.o
 .comment       0x00000075       0x76 ./system/src/cmsis/system_stm32f30x.o
 .comment       0x00000075       0x76 ./system/src/cmsis/vectors_stm32f30x.o
 .comment       0x00000075       0x76 ./src/BlinkLed.o
 .comment       0x00000075       0x76 ./src/Timer.o
 .comment       0x00000075       0x76 ./src/main.o

.ARM.attributes
                0x00000000       0x2c
 .ARM.attributes
                0x00000000       0x2e ./system/src/stm32f3-stdperiph/stm32f30x_gpio.o
 .ARM.attributes
                0x0000002e       0x2e ./system/src/stm32f3-stdperiph/stm32f30x_rcc.o
 .ARM.attributes
                0x0000005c       0x2e ./system/src/newlib/_exit.o
 .ARM.attributes
                0x0000008a       0x2e ./system/src/newlib/_sbrk.o
 .ARM.attributes
                0x000000b8       0x2e ./system/src/newlib/_startup.o
 .ARM.attributes
                0x000000e6       0x2e ./system/src/newlib/_syscalls.o
 .ARM.attributes
                0x00000114       0x2e ./system/src/newlib/assert.o
 .ARM.attributes
                0x00000142       0x2e ./system/src/diag/Trace.o
 .ARM.attributes
                0x00000170       0x2e ./system/src/diag/trace_impl.o
 .ARM.attributes
                0x0000019e       0x2e ./system/src/cortexm/_initialize_hardware.o
 .ARM.attributes
                0x000001cc       0x2e ./system/src/cortexm/exception_handlers.o
 .ARM.attributes
                0x000001fa       0x2e ./system/src/cmsis/system_stm32f30x.o
 .ARM.attributes
                0x00000228       0x2e ./system/src/cmsis/vectors_stm32f30x.o
 .ARM.attributes
                0x00000256       0x2e ./src/BlinkLed.o
 .ARM.attributes
                0x00000284       0x2e ./src/Timer.o
 .ARM.attributes
                0x000002b2       0x2e ./src/main.o
 .ARM.attributes
                0x000002e0       0x2e c:/gnu tools arm embedded/8 2018-q4-major/bin/../lib/gcc/arm-none-eabi/8.2.1/../../../../arm-none-eabi/lib/thumb/v7e-m/nofp\libg_nano.a(lib_a-errno.o)
 .ARM.attributes
                0x0000030e       0x2e c:/gnu tools arm embedded/8 2018-q4-major/bin/../lib/gcc/arm-none-eabi/8.2.1/../../../../arm-none-eabi/lib/thumb/v7e-m/nofp\libg_nano.a(lib_a-impure.o)
 .ARM.attributes
                0x0000033c       0x17 c:/gnu tools arm embedded/8 2018-q4-major/bin/../lib/gcc/arm-none-eabi/8.2.1/../../../../arm-none-eabi/lib/thumb/v7e-m/nofp\libg_nano.a(lib_a-strlen.o)
 .ARM.attributes
                0x00000353       0x2e c:/gnu tools arm embedded/8 2018-q4-major/bin/../lib/gcc/arm-none-eabi/8.2.1/../../../../arm-none-eabi/lib/thumb/v7e-m/nofp\libg_nano.a(lib_a-vsnprintf.o)
 .ARM.attributes
                0x00000381       0x2e c:/gnu tools arm embedded/8 2018-q4-major/bin/../lib/gcc/arm-none-eabi/8.2.1/../../../../arm-none-eabi/lib/thumb/v7e-m/nofp\libg_nano.a(lib_a-nano-svfprintf.o)
 .ARM.attributes
                0x000003af       0x2e c:/gnu tools arm embedded/8 2018-q4-major/bin/../lib/gcc/arm-none-eabi/8.2.1/../../../../arm-none-eabi/lib/thumb/v7e-m/nofp\libg_nano.a(lib_a-nano-vfprintf_i.o)
 .ARM.attributes
                0x000003dd       0x1c c:/gnu tools arm embedded/8 2018-q4-major/bin/../lib/gcc/arm-none-eabi/8.2.1/../../../../arm-none-eabi/lib/thumb/v7e-m/nofp\libg_nano.a(lib_a-memchr.o)
 .ARM.attributes
                0x000003f9       0x2e c:/gnu tools arm embedded/8 2018-q4-major/bin/../lib/gcc/arm-none-eabi/8.2.1/../../../../arm-none-eabi/lib/thumb/v7e-m/nofp\libg_nano.a(lib_a-memcpy-stub.o)
 .ARM.attributes
                0x00000427       0x2e c:/gnu tools arm embedded/8 2018-q4-major/bin/../lib/gcc/arm-none-eabi/8.2.1/../../../../arm-none-eabi/lib/thumb/v7e-m/nofp\libg_nano.a(lib_a-memmove.o)
 .ARM.attributes
                0x00000455       0x2e c:/gnu tools arm embedded/8 2018-q4-major/bin/../lib/gcc/arm-none-eabi/8.2.1/../../../../arm-none-eabi/lib/thumb/v7e-m/nofp\libg_nano.a(lib_a-nano-freer.o)
 .ARM.attributes
                0x00000483       0x2e c:/gnu tools arm embedded/8 2018-q4-major/bin/../lib/gcc/arm-none-eabi/8.2.1/../../../../arm-none-eabi/lib/thumb/v7e-m/nofp\libg_nano.a(lib_a-nano-mallocr.o)
 .ARM.attributes
                0x000004b1       0x2e c:/gnu tools arm embedded/8 2018-q4-major/bin/../lib/gcc/arm-none-eabi/8.2.1/../../../../arm-none-eabi/lib/thumb/v7e-m/nofp\libg_nano.a(lib_a-nano-reallocr.o)
 .ARM.attributes
                0x000004df       0x2e c:/gnu tools arm embedded/8 2018-q4-major/bin/../lib/gcc/arm-none-eabi/8.2.1/../../../../arm-none-eabi/lib/thumb/v7e-m/nofp\libg_nano.a(lib_a-sbrkr.o)
 .ARM.attributes
                0x0000050d       0x2e c:/gnu tools arm embedded/8 2018-q4-major/bin/../lib/gcc/arm-none-eabi/8.2.1/../../../../arm-none-eabi/lib/thumb/v7e-m/nofp\libg_nano.a(lib_a-mlock.o)
 .ARM.attributes
                0x0000053b       0x2e c:/gnu tools arm embedded/8 2018-q4-major/bin/../lib/gcc/arm-none-eabi/8.2.1/../../../../arm-none-eabi/lib/thumb/v7e-m/nofp\libg_nano.a(lib_a-nano-msizer.o)
 .ARM.attributes
                0x00000569       0x2e c:/gnu tools arm embedded/8 2018-q4-major/bin/../lib/gcc/arm-none-eabi/8.2.1/../../../../arm-none-eabi/lib/thumb/v7e-m/nofp\libg_nano.a(lib_a-lock.o)

.debug
 *(.debug)

.line
 *(.line)

.debug_srcinfo
 *(.debug_srcinfo)

.debug_sfnames
 *(.debug_sfnames)

.debug_aranges  0x00000000      0x488
 *(.debug_aranges)
 .debug_aranges
                0x00000000       0x80 ./system/src/stm32f3-stdperiph/stm32f30x_gpio.o
 .debug_aranges
                0x00000080      0x150 ./system/src/stm32f3-stdperiph/stm32f30x_rcc.o
 .debug_aranges
                0x000001d0       0x28 ./system/src/newlib/_exit.o
 .debug_aranges
                0x000001f8       0x20 ./system/src/newlib/_sbrk.o
 .debug_aranges
                0x00000218       0x40 ./system/src/newlib/_startup.o
 .debug_aranges
                0x00000258       0x30 ./system/src/newlib/_syscalls.o
 .debug_aranges
                0x00000288       0x28 ./system/src/newlib/assert.o
 .debug_aranges
                0x000002b0       0x38 ./system/src/diag/Trace.o
 .debug_aranges
                0x000002e8       0x30 ./system/src/diag/trace_impl.o
 .debug_aranges
                0x00000318       0x28 ./system/src/cortexm/_initialize_hardware.o
 .debug_aranges
                0x00000340       0x90 ./system/src/cortexm/exception_handlers.o
 .debug_aranges
                0x000003d0       0x30 ./system/src/cmsis/system_stm32f30x.o
 .debug_aranges
                0x00000400       0x20 ./system/src/cmsis/vectors_stm32f30x.o
 .debug_aranges
                0x00000420       0x20 ./src/BlinkLed.o
 .debug_aranges
                0x00000440       0x28 ./src/Timer.o
 .debug_aranges
                0x00000468       0x20 ./src/main.o

.debug_pubnames
 *(.debug_pubnames)

.debug_info     0x00000000     0x9825
 *(.debug_info .gnu.linkonce.wi.*)
 .debug_info    0x00000000      0xb11 ./system/src/stm32f3-stdperiph/stm32f30x_gpio.o
 .debug_info    0x00000b11     0x1123 ./system/src/stm32f3-stdperiph/stm32f30x_rcc.o
 .debug_info    0x00001c34      0x9e7 ./system/src/newlib/_exit.o
 .debug_info    0x0000261b      0x9d4 ./system/src/newlib/_sbrk.o
 .debug_info    0x00002fef      0x591 ./system/src/newlib/_startup.o
 .debug_info    0x00003580      0xab9 ./system/src/newlib/_syscalls.o
 .debug_info    0x00004039      0xaaa ./system/src/newlib/assert.o
 .debug_info    0x00004ae3      0xbdb ./system/src/diag/Trace.o
 .debug_info    0x000056be      0x3be ./system/src/diag/trace_impl.o
 .debug_info    0x00005a7c      0x2d6 ./system/src/cortexm/_initialize_hardware.o
 .debug_info    0x00005d52     0x1296 ./system/src/cortexm/exception_handlers.o
 .debug_info    0x00006fe8      0x4f9 ./system/src/cmsis/system_stm32f30x.o
 .debug_info    0x000074e1       0xce ./system/src/cmsis/vectors_stm32f30x.o
 .debug_info    0x000075af      0x46a ./src/BlinkLed.o
 .debug_info    0x00007a19      0x1b4 ./src/Timer.o
 .debug_info    0x00007bcd     0x1c58 ./src/main.o

.debug_abbrev   0x00000000     0x24b4
 *(.debug_abbrev)
 .debug_abbrev  0x00000000      0x23c ./system/src/stm32f3-stdperiph/stm32f30x_gpio.o
 .debug_abbrev  0x0000023c      0x270 ./system/src/stm32f3-stdperiph/stm32f30x_rcc.o
 .debug_abbrev  0x000004ac      0x222 ./system/src/newlib/_exit.o
 .debug_abbrev  0x000006ce      0x232 ./system/src/newlib/_sbrk.o
 .debug_abbrev  0x00000900      0x203 ./system/src/newlib/_startup.o
 .debug_abbrev  0x00000b03      0x26d ./system/src/newlib/_syscalls.o
 .debug_abbrev  0x00000d70      0x222 ./system/src/newlib/assert.o
 .debug_abbrev  0x00000f92      0x2c6 ./system/src/diag/Trace.o
 .debug_abbrev  0x00001258      0x221 ./system/src/diag/trace_impl.o
 .debug_abbrev  0x00001479       0xfc ./system/src/cortexm/_initialize_hardware.o
 .debug_abbrev  0x00001575      0x372 ./system/src/cortexm/exception_handlers.o
 .debug_abbrev  0x000018e7      0x19d ./system/src/cmsis/system_stm32f30x.o
 .debug_abbrev  0x00001a84       0xa5 ./system/src/cmsis/vectors_stm32f30x.o
 .debug_abbrev  0x00001b29      0x238 ./src/BlinkLed.o
 .debug_abbrev  0x00001d61      0x1ad ./src/Timer.o
 .debug_abbrev  0x00001f0e      0x5a6 ./src/main.o

.debug_line     0x00000000     0x5d88
 *(.debug_line)
 .debug_line    0x00000000      0x9c9 ./system/src/stm32f3-stdperiph/stm32f30x_gpio.o
 .debug_line    0x000009c9     0x1389 ./system/src/stm32f3-stdperiph/stm32f30x_rcc.o
 .debug_line    0x00001d52      0x332 ./system/src/newlib/_exit.o
 .debug_line    0x00002084      0x323 ./system/src/newlib/_sbrk.o
 .debug_line    0x000023a7      0x59c ./system/src/newlib/_startup.o
 .debug_line    0x00002943      0x426 ./system/src/newlib/_syscalls.o
 .debug_line    0x00002d69      0x375 ./system/src/newlib/assert.o
 .debug_line    0x000030de      0x40e ./system/src/diag/Trace.o
 .debug_line    0x000034ec      0x692 ./system/src/diag/trace_impl.o
 .debug_line    0x00003b7e      0x385 ./system/src/cortexm/_initialize_hardware.o
 .debug_line    0x00003f03      0x87f ./system/src/cortexm/exception_handlers.o
 .debug_line    0x00004782      0x561 ./system/src/cmsis/system_stm32f30x.o
 .debug_line    0x00004ce3      0x104 ./system/src/cmsis/vectors_stm32f30x.o
 .debug_line    0x00004de7      0x396 ./src/BlinkLed.o
 .debug_line    0x0000517d      0x3bc ./src/Timer.o
 .debug_line    0x00005539      0x84f ./src/main.o

.debug_frame    0x00000000      0xdb8
 *(.debug_frame)
 .debug_frame   0x00000000      0x168 ./system/src/stm32f3-stdperiph/stm32f30x_gpio.o
 .debug_frame   0x00000168      0x3d8 ./system/src/stm32f3-stdperiph/stm32f30x_rcc.o
 .debug_frame   0x00000540       0x38 ./system/src/newlib/_exit.o
 .debug_frame   0x00000578       0x28 ./system/src/newlib/_sbrk.o
 .debug_frame   0x000005a0       0x7c ./system/src/newlib/_startup.o
 .debug_frame   0x0000061c       0x50 ./system/src/newlib/_syscalls.o
 .debug_frame   0x0000066c       0x40 ./system/src/newlib/assert.o
 .debug_frame   0x000006ac       0x94 ./system/src/diag/Trace.o
 .debug_frame   0x00000740       0x64 ./system/src/diag/trace_impl.o
 .debug_frame   0x000007a4       0x40 ./system/src/cortexm/_initialize_hardware.o
 .debug_frame   0x000007e4      0x158 ./system/src/cortexm/exception_handlers.o
 .debug_frame   0x0000093c       0x54 ./system/src/cmsis/system_stm32f30x.o
 .debug_frame   0x00000990       0x20 ./system/src/cmsis/vectors_stm32f30x.o
 .debug_frame   0x000009b0       0x30 ./src/BlinkLed.o
 .debug_frame   0x000009e0       0x30 ./src/Timer.o
 .debug_frame   0x00000a10       0x2c ./src/main.o
 .debug_frame   0x00000a3c       0x20 c:/gnu tools arm embedded/8 2018-q4-major/bin/../lib/gcc/arm-none-eabi/8.2.1/../../../../arm-none-eabi/lib/thumb/v7e-m/nofp\libg_nano.a(lib_a-errno.o)
 .debug_frame   0x00000a5c       0x4c c:/gnu tools arm embedded/8 2018-q4-major/bin/../lib/gcc/arm-none-eabi/8.2.1/../../../../arm-none-eabi/lib/thumb/v7e-m/nofp\libg_nano.a(lib_a-vsnprintf.o)
 .debug_frame   0x00000aa8       0x90 c:/gnu tools arm embedded/8 2018-q4-major/bin/../lib/gcc/arm-none-eabi/8.2.1/../../../../arm-none-eabi/lib/thumb/v7e-m/nofp\libg_nano.a(lib_a-nano-svfprintf.o)
 .debug_frame   0x00000b38       0x60 c:/gnu tools arm embedded/8 2018-q4-major/bin/../lib/gcc/arm-none-eabi/8.2.1/../../../../arm-none-eabi/lib/thumb/v7e-m/nofp\libg_nano.a(lib_a-nano-vfprintf_i.o)
 .debug_frame   0x00000b98       0x28 c:/gnu tools arm embedded/8 2018-q4-major/bin/../lib/gcc/arm-none-eabi/8.2.1/../../../../arm-none-eabi/lib/thumb/v7e-m/nofp\libg_nano.a(lib_a-memcpy-stub.o)
 .debug_frame   0x00000bc0       0x28 c:/gnu tools arm embedded/8 2018-q4-major/bin/../lib/gcc/arm-none-eabi/8.2.1/../../../../arm-none-eabi/lib/thumb/v7e-m/nofp\libg_nano.a(lib_a-memmove.o)
 .debug_frame   0x00000be8       0x38 c:/gnu tools arm embedded/8 2018-q4-major/bin/../lib/gcc/arm-none-eabi/8.2.1/../../../../arm-none-eabi/lib/thumb/v7e-m/nofp\libg_nano.a(lib_a-nano-freer.o)
 .debug_frame   0x00000c20       0x30 c:/gnu tools arm embedded/8 2018-q4-major/bin/../lib/gcc/arm-none-eabi/8.2.1/../../../../arm-none-eabi/lib/thumb/v7e-m/nofp\libg_nano.a(lib_a-nano-mallocr.o)
 .debug_frame   0x00000c50       0x3c c:/gnu tools arm embedded/8 2018-q4-major/bin/../lib/gcc/arm-none-eabi/8.2.1/../../../../arm-none-eabi/lib/thumb/v7e-m/nofp\libg_nano.a(lib_a-nano-reallocr.o)
 .debug_frame   0x00000c8c       0x2c c:/gnu tools arm embedded/8 2018-q4-major/bin/../lib/gcc/arm-none-eabi/8.2.1/../../../../arm-none-eabi/lib/thumb/v7e-m/nofp\libg_nano.a(lib_a-sbrkr.o)
 .debug_frame   0x00000cb8       0x30 c:/gnu tools arm embedded/8 2018-q4-major/bin/../lib/gcc/arm-none-eabi/8.2.1/../../../../arm-none-eabi/lib/thumb/v7e-m/nofp\libg_nano.a(lib_a-mlock.o)
 .debug_frame   0x00000ce8       0x20 c:/gnu tools arm embedded/8 2018-q4-major/bin/../lib/gcc/arm-none-eabi/8.2.1/../../../../arm-none-eabi/lib/thumb/v7e-m/nofp\libg_nano.a(lib_a-nano-msizer.o)
 .debug_frame   0x00000d08       0xb0 c:/gnu tools arm embedded/8 2018-q4-major/bin/../lib/gcc/arm-none-eabi/8.2.1/../../../../arm-none-eabi/lib/thumb/v7e-m/nofp\libg_nano.a(lib_a-lock.o)

.debug_str      0x00000000    0x5e43a
 *(.debug_str)
 .debug_str     0x00000000    0x53de7 ./system/src/stm32f3-stdperiph/stm32f30x_gpio.o
                              0x54011 (size before relaxing)
 .debug_str     0x00053de7      0xa62 ./system/src/stm32f3-stdperiph/stm32f30x_rcc.o
                              0x547af (size before relaxing)
 .debug_str     0x00054849     0x4edc ./system/src/newlib/_exit.o
                               0x7e8f (size before relaxing)
 .debug_str     0x00059725      0x4ed ./system/src/newlib/_sbrk.o
                               0x7241 (size before relaxing)
 .debug_str     0x00059c12      0x2c6 ./system/src/newlib/_startup.o
                               0x69e2 (size before relaxing)
 .debug_str     0x00059ed8      0xf90 ./system/src/newlib/_syscalls.o
                               0x8230 (size before relaxing)
 .debug_str     0x0005ae68       0xd0 ./system/src/newlib/assert.o
                               0x8994 (size before relaxing)
 .debug_str     0x0005af38      0x819 ./system/src/diag/Trace.o
                               0x8607 (size before relaxing)
 .debug_str     0x0005b751      0x37b ./system/src/diag/trace_impl.o
                              0x57ec2 (size before relaxing)
 .debug_str     0x0005bacc       0xa9 ./system/src/cortexm/_initialize_hardware.o
                              0x53dbd (size before relaxing)
 .debug_str     0x0005bb75      0x19d ./system/src/cortexm/exception_handlers.o
                              0x590e7 (size before relaxing)
 .debug_str     0x0005bd12       0x6b ./system/src/cmsis/system_stm32f30x.o
                              0x53e4e (size before relaxing)
 .debug_str     0x0005bd7d       0x57 ./system/src/cmsis/vectors_stm32f30x.o
                               0x3927 (size before relaxing)
 .debug_str     0x0005bdd4      0x70c ./src/BlinkLed.o
                              0x543c0 (size before relaxing)
 .debug_str     0x0005c4e0       0xb2 ./src/Timer.o
                              0x540e5 (size before relaxing)
 .debug_str     0x0005c592     0x1ea8 ./src/main.o
                              0x5b6ef (size before relaxing)

.debug_loc      0x00000000     0x26f0
 *(.debug_loc)
 .debug_loc     0x00000000      0x550 ./system/src/stm32f3-stdperiph/stm32f30x_gpio.o
 .debug_loc     0x00000550     0x1224 ./system/src/stm32f3-stdperiph/stm32f30x_rcc.o
 .debug_loc     0x00001774       0x15 ./system/src/newlib/_exit.o
 .debug_loc     0x00001789       0x97 ./system/src/newlib/_sbrk.o
 .debug_loc     0x00001820      0x465 ./system/src/newlib/_startup.o
 .debug_loc     0x00001c85       0x6f ./system/src/newlib/_syscalls.o
 .debug_loc     0x00001cf4      0x160 ./system/src/newlib/assert.o
 .debug_loc     0x00001e54      0x118 ./system/src/diag/Trace.o
 .debug_loc     0x00001f6c      0x1a1 ./system/src/diag/trace_impl.o
 .debug_loc     0x0000210d      0x35c ./system/src/cortexm/exception_handlers.o
 .debug_loc     0x00002469      0x123 ./system/src/cmsis/system_stm32f30x.o
 .debug_loc     0x0000258c       0x3d ./src/BlinkLed.o
 .debug_loc     0x000025c9      0x127 ./src/main.o

.debug_macinfo
 *(.debug_macinfo)

.debug_weaknames
 *(.debug_weaknames)

.debug_funcnames
 *(.debug_funcnames)

.debug_typenames
 *(.debug_typenames)

.debug_varnames
 *(.debug_varnames)
OUTPUT(t5cpp_rosserial.elf elf32-littlearm)

.debug_ranges   0x00000000      0x400
 .debug_ranges  0x00000000       0x70 ./system/src/stm32f3-stdperiph/stm32f30x_gpio.o
 .debug_ranges  0x00000070      0x140 ./system/src/stm32f3-stdperiph/stm32f30x_rcc.o
 .debug_ranges  0x000001b0       0x18 ./system/src/newlib/_exit.o
 .debug_ranges  0x000001c8       0x10 ./system/src/newlib/_sbrk.o
 .debug_ranges  0x000001d8       0x78 ./system/src/newlib/_startup.o
 .debug_ranges  0x00000250       0x20 ./system/src/newlib/_syscalls.o
 .debug_ranges  0x00000270       0x18 ./system/src/newlib/assert.o
 .debug_ranges  0x00000288       0x28 ./system/src/diag/Trace.o
 .debug_ranges  0x000002b0       0x38 ./system/src/diag/trace_impl.o
 .debug_ranges  0x000002e8       0x18 ./system/src/cortexm/_initialize_hardware.o
 .debug_ranges  0x00000300       0x98 ./system/src/cortexm/exception_handlers.o
 .debug_ranges  0x00000398       0x20 ./system/src/cmsis/system_stm32f30x.o
 .debug_ranges  0x000003b8       0x10 ./system/src/cmsis/vectors_stm32f30x.o
 .debug_ranges  0x000003c8       0x10 ./src/BlinkLed.o
 .debug_ranges  0x000003d8       0x18 ./src/Timer.o
 .debug_ranges  0x000003f0       0x10 ./src/main.o

.debug_macro    0x00000000    0x122b7
 .debug_macro   0x00000000      0x16c ./system/src/stm32f3-stdperiph/stm32f30x_gpio.o
 .debug_macro   0x0000016c      0xaa2 ./system/src/stm32f3-stdperiph/stm32f30x_gpio.o
 .debug_macro   0x00000c0e       0x6e ./system/src/stm32f3-stdperiph/stm32f30x_gpio.o
 .debug_macro   0x00000c7c      0x34e ./system/src/stm32f3-stdperiph/stm32f30x_gpio.o
 .debug_macro   0x00000fca       0x35 ./system/src/stm32f3-stdperiph/stm32f30x_gpio.o
 .debug_macro   0x00000fff       0x50 ./system/src/stm32f3-stdperiph/stm32f30x_gpio.o
 .debug_macro   0x0000104f      0xe66 ./system/src/stm32f3-stdperiph/stm32f30x_gpio.o
 .debug_macro   0x00001eb5     0x769b ./system/src/stm32f3-stdperiph/stm32f30x_gpio.o
 .debug_macro   0x00009550      0x5a6 ./system/src/stm32f3-stdperiph/stm32f30x_gpio.o
 .debug_macro   0x00009af6      0x3cf ./system/src/stm32f3-stdperiph/stm32f30x_gpio.o
 .debug_macro   0x00009ec5       0x46 ./system/src/stm32f3-stdperiph/stm32f30x_gpio.o
 .debug_macro   0x00009f0b      0x231 ./system/src/stm32f3-stdperiph/stm32f30x_gpio.o
 .debug_macro   0x0000a13c      0x196 ./system/src/stm32f3-stdperiph/stm32f30x_gpio.o
 .debug_macro   0x0000a2d2       0x8e ./system/src/stm32f3-stdperiph/stm32f30x_gpio.o
 .debug_macro   0x0000a360      0x3a9 ./system/src/stm32f3-stdperiph/stm32f30x_gpio.o
 .debug_macro   0x0000a709      0x116 ./system/src/stm32f3-stdperiph/stm32f30x_gpio.o
 .debug_macro   0x0000a81f      0x1e4 ./system/src/stm32f3-stdperiph/stm32f30x_gpio.o
 .debug_macro   0x0000aa03      0x1df ./system/src/stm32f3-stdperiph/stm32f30x_gpio.o
 .debug_macro   0x0000abe2      0x29a ./system/src/stm32f3-stdperiph/stm32f30x_gpio.o
 .debug_macro   0x0000ae7c       0x70 ./system/src/stm32f3-stdperiph/stm32f30x_gpio.o
 .debug_macro   0x0000aeec      0x10c ./system/src/stm32f3-stdperiph/stm32f30x_gpio.o
 .debug_macro   0x0000aff8       0xb8 ./system/src/stm32f3-stdperiph/stm32f30x_gpio.o
 .debug_macro   0x0000b0b0      0x5c6 ./system/src/stm32f3-stdperiph/stm32f30x_gpio.o
 .debug_macro   0x0000b676      0x551 ./system/src/stm32f3-stdperiph/stm32f30x_gpio.o
 .debug_macro   0x0000bbc7      0x3ac ./system/src/stm32f3-stdperiph/stm32f30x_gpio.o
 .debug_macro   0x0000bf73      0x8d8 ./system/src/stm32f3-stdperiph/stm32f30x_gpio.o
 .debug_macro   0x0000c84b      0x364 ./system/src/stm32f3-stdperiph/stm32f30x_gpio.o
 .debug_macro   0x0000cbaf       0x34 ./system/src/stm32f3-stdperiph/stm32f30x_gpio.o
 .debug_macro   0x0000cbe3       0x89 ./system/src/stm32f3-stdperiph/stm32f30x_gpio.o
 .debug_macro   0x0000cc6c       0x35 ./system/src/stm32f3-stdperiph/stm32f30x_gpio.o
 .debug_macro   0x0000cca1      0x1b0 ./system/src/stm32f3-stdperiph/stm32f30x_gpio.o
 .debug_macro   0x0000ce51      0x209 ./system/src/stm32f3-stdperiph/stm32f30x_rcc.o
 .debug_macro   0x0000d05a      0x1b6 ./system/src/stm32f3-stdperiph/stm32f30x_rcc.o
 .debug_macro   0x0000d210      0x5c0 ./system/src/stm32f3-stdperiph/stm32f30x_rcc.o
 .debug_macro   0x0000d7d0      0x1b4 ./system/src/newlib/_exit.o
 .debug_macro   0x0000d984       0x34 ./system/src/newlib/_exit.o
 .debug_macro   0x0000d9b8      0x10e ./system/src/newlib/_exit.o
 .debug_macro   0x0000dac6       0x8d ./system/src/newlib/_exit.o
 .debug_macro   0x0000db53       0x43 ./system/src/newlib/_exit.o
 .debug_macro   0x0000db96      0x339 ./system/src/newlib/_exit.o
 .debug_macro   0x0000decf       0x35 ./system/src/newlib/_exit.o
 .debug_macro   0x0000df04      0x169 ./system/src/newlib/_sbrk.o
 .debug_macro   0x0000e06d      0x174 ./system/src/newlib/_sbrk.o
 .debug_macro   0x0000e1e1       0x10 ./system/src/newlib/_sbrk.o
 .debug_macro   0x0000e1f1      0x23b ./system/src/newlib/_sbrk.o
 .debug_macro   0x0000e42c      0x173 ./system/src/newlib/_startup.o
 .debug_macro   0x0000e59f      0xaa8 ./system/src/newlib/_startup.o
 .debug_macro   0x0000f047      0x226 ./system/src/newlib/_syscalls.o
 .debug_macro   0x0000f26d       0x1c ./system/src/newlib/_syscalls.o
 .debug_macro   0x0000f289       0x10 ./system/src/newlib/_syscalls.o
 .debug_macro   0x0000f299       0x10 ./system/src/newlib/_syscalls.o
 .debug_macro   0x0000f2a9       0x10 ./system/src/newlib/_syscalls.o
 .debug_macro   0x0000f2b9       0x35 ./system/src/newlib/_syscalls.o
 .debug_macro   0x0000f2ee      0x122 ./system/src/newlib/_syscalls.o
 .debug_macro   0x0000f410       0x88 ./system/src/newlib/_syscalls.o
 .debug_macro   0x0000f498       0x7c ./system/src/newlib/_syscalls.o
 .debug_macro   0x0000f514       0x17 ./system/src/newlib/_syscalls.o
 .debug_macro   0x0000f52b      0x118 ./system/src/newlib/_syscalls.o
 .debug_macro   0x0000f643      0x189 ./system/src/newlib/_syscalls.o
 .debug_macro   0x0000f7cc       0x16 ./system/src/newlib/_syscalls.o
 .debug_macro   0x0000f7e2      0x1d0 ./system/src/newlib/assert.o
 .debug_macro   0x0000f9b2       0x1c ./system/src/newlib/assert.o
 .debug_macro   0x0000f9ce      0x1fb ./system/src/diag/Trace.o
 .debug_macro   0x0000fbc9       0x16 ./system/src/diag/Trace.o
 .debug_macro   0x0000fbdf       0x97 ./system/src/diag/Trace.o
 .debug_macro   0x0000fc76       0xfd ./system/src/diag/Trace.o
 .debug_macro   0x0000fd73       0x10 ./system/src/diag/Trace.o
 .debug_macro   0x0000fd83       0x16 ./system/src/diag/Trace.o
 .debug_macro   0x0000fd99      0x16f ./system/src/diag/Trace.o
 .debug_macro   0x0000ff08       0x4c ./system/src/diag/Trace.o
 .debug_macro   0x0000ff54       0x16 ./system/src/diag/Trace.o
 .debug_macro   0x0000ff6a      0x2db ./system/src/diag/trace_impl.o
 .debug_macro   0x00010245       0x10 ./system/src/diag/trace_impl.o
 .debug_macro   0x00010255       0xcf ./system/src/diag/trace_impl.o
 .debug_macro   0x00010324       0xbe ./system/src/diag/trace_impl.o
 .debug_macro   0x000103e2       0x22 ./system/src/diag/trace_impl.o
 .debug_macro   0x00010404      0x16c ./system/src/cortexm/_initialize_hardware.o
 .debug_macro   0x00010570      0x325 ./system/src/cortexm/exception_handlers.o
 .debug_macro   0x00010895       0x3b ./system/src/cortexm/exception_handlers.o
 .debug_macro   0x000108d0       0x10 ./system/src/cortexm/exception_handlers.o
 .debug_macro   0x000108e0      0x168 ./system/src/cmsis/system_stm32f30x.o
 .debug_macro   0x00010a48       0x34 ./system/src/cmsis/vectors_stm32f30x.o
 .debug_macro   0x00010a7c      0x171 ./src/BlinkLed.o
 .debug_macro   0x00010bed      0xe66 ./src/BlinkLed.o
 .debug_macro   0x00011a53       0x28 ./src/BlinkLed.o
 .debug_macro   0x00011a7b      0x17f ./src/Timer.o
 .debug_macro   0x00011bfa       0x10 ./src/Timer.o
 .debug_macro   0x00011c0a      0x3ad ./src/main.o
 .debug_macro   0x00011fb7       0x97 ./src/main.o
 .debug_macro   0x0001204e      0x104 ./src/main.o
 .debug_macro   0x00012152      0x137 ./src/main.o
 .debug_macro   0x00012289       0x2e ./src/main.o
